--------------------------------------------------------------------------------------
Timing Analyzer Summary
--------------------------------------------------------------------------------------

Type           : Worst-case tco
Slack          : N/A
Required Time  : None
Actual Time    : 18.541 ns
From           : Hour:inst2|clk_jin
To             : finalout
From Clock     : clk
To Clock       : --
Failed Paths   : 0

Type           : Clock Setup: 'scan_clk'
Slack          : N/A
Required Time  : None
Actual Time    : 176.37 MHz ( period = 5.670 ns )
From           : selector:inst4|n[2]
To             : selector:inst4|num[2]
From Clock     : scan_clk
To Clock       : scan_clk
Failed Paths   : 0

Type           : Clock Setup: 'clk'
Slack          : N/A
Required Time  : None
Actual Time    : 179.37 MHz ( period = 5.575 ns )
From           : clock:inst1|count[2]
To             : clock:inst1|clk_jin
From Clock     : clk
To Clock       : clk
Failed Paths   : 0

Type           : Total number of failed paths
Slack          : 
Required Time  : 
Actual Time    : 
From           : 
To             : 
From Clock     : 
To Clock       : 
Failed Paths   : 0

--------------------------------------------------------------------------------------

